// Jest Snapshot v1, https://goo.gl/fbAQLP

exports[`<Error404 /> renders 1`] = `
<div
  className="bt-wrapper"
>
  Sorry, that page was not found.
</div>
`;
