// Jest Snapshot v1, https://goo.gl/fbAQLP

exports[`<HomeRoute /> renders 1`] = `
<div>
  <HelmetWrapper
    encodeSpecialCharacters={true}
  >
    <title>
      Home
    </title>
  </HelmetWrapper>
  <div
    className="columns"
  >
    <div
      className="column is-one-quarter"
    >
      <h2>
        Hello world!
      </h2>
      <Feeds />
      <p>
        This starter kit contains all the build tooling and configuration you need to kick off your next universal React project, whilst containing a minimal project set up allowing you to make your own architecture decisions (Redux/Mobx etc).
      </p>
    </div>
    <Timeline />
    <div
      className="column is-one-third"
    >
      <Status />
    </div>
  </div>
</div>
`;
