// Jest Snapshot v1, https://goo.gl/fbAQLP

exports[`<Home /> renders 1`] = `
<nav
  className="nav has-shadow is-fixed"
>
  <div
    className="container"
  >
    <div
      className="nav-left"
    >
      <a
        className="nav-item"
        id="sidebaropener"
      >
        <img
          alt="logo"
          src="http://bulma.io/images/bulma-logo.png"
        />
      </a>
      <a
        className="nav-item is-tab is-hidden-mobile is-active"
      >
        Home
      </a>
      <a
        className="nav-item is-tab is-hidden-mobile"
      >
        About
      </a>
    </div>
    <span
      className="nav-toggle"
    >
      <span />
      <span />
      <span />
    </span>
    <div
      className="nav-right nav-menu"
    >
      <NavLink
        activeClassName="is-active"
        className="nav-item is-tab"
        to="/"
      >
        Home
      </NavLink>
      <NavLink
        activeClassName="is-active"
        className="nav-item is-tab"
        to="/posts"
      >
        Posts
      </NavLink>
      <NavLink
        activeClassName="active"
        className="nav-item is-tab"
        to="/about"
      >
        About
      </NavLink>
      <a
        className="nav-item is-tab is-hidden-tablet"
      >
        About
      </a>
      <a
        className="nav-item is-tab"
      >
        <figure
          className="image is-16x16"
          style={
            Object {
              "marginRight": "8px",
            }
          }
        >
          <img
            src="http://bulma.io/images/jgthms.png"
          />
        </figure>
        Profile
      </a>
      <a
        className="nav-item is-tab"
      >
        Log out
      </a>
    </div>
  </div>
</nav>
`;
